88.237.133.217 - - [05/Jan/2020:05:39:31 -0700] "GET /images/korku.jpg HTTP/1.1" 304 - "http://odev.librarysystem32.xyz/yenigelen.php" "Mozilla/5.0 (Windows NT 10.0; Win64; x64) AppleWebKit/537.36 (KHTML, like Gecko) Chrome/70.0.3538.102 Safari/537.36 Edge/18.18362"
88.237.133.217 - - [05/Jan/2020:05:40:42 -0700] "GET /yenigelen.php HTTP/1.1" 200 2447 "http://odev.librarysystem32.xyz/sozluk.php" "Mozilla/5.0 (Windows NT 10.0; Win64; x64; rv:71.0) Gecko/20100101 Firefox/71.0"
88.237.133.217 - - [05/Jan/2020:05:40:42 -0700] "GET /css/bootstrap.min.css HTTP/1.1" 200 23238 "http://odev.librarysystem32.xyz/yenigelen.php" "Mozilla/5.0 (Windows NT 10.0; Win64; x64; rv:71.0) Gecko/20100101 Firefox/71.0"
88.237.133.217 - - [05/Jan/2020:05:40:42 -0700] "GET /images/havari.jpg HTTP/1.1" 304 - "http://odev.librarysystem32.xyz/yenigelen.php" "Mozilla/5.0 (Windows NT 10.0; Win64; x64; rv:71.0) Gecko/20100101 Firefox/71.0"
88.237.133.217 - - [05/Jan/2020:05:40:42 -0700] "GET /images/korku.jpg HTTP/1.1" 200 22620 "http://odev.librarysystem32.xyz/yenigelen.php" "Mozilla/5.0 (Windows NT 10.0; Win64; x64; rv:71.0) Gecko/20100101 Firefox/71.0"
88.237.133.217 - - [05/Jan/2020:05:40:42 -0700] "GET /images/kurkmantolu.jpg HTTP/1.1" 200 17618 "http://odev.librarysystem32.xyz/yenigelen.php" "Mozilla/5.0 (Windows NT 10.0; Win64; x64; rv:71.0) Gecko/20100101 Firefox/71.0"
88.237.133.217 - - [05/Jan/2020:05:40:43 -0700] "GET /favicon.ico HTTP/1.1" 404 - "-" "Mozilla/5.0 (Windows NT 10.0; Win64; x64; rv:71.0) Gecko/20100101 Firefox/71.0"
31.223.54.36 - - [05/Jan/2020:05:41:11 -0700] "GET / HTTP/1.1" 200 3190 "-" "Mozilla/5.0 (Windows NT 10.0; Win64; x64) AppleWebKit/537.36 (KHTML, like Gecko) Chrome/79.0.3945.88 Safari/537.36"
31.223.54.36 - - [05/Jan/2020:05:41:12 -0700] "GET /css/main.css HTTP/1.1" 200 1606 "http://odev.librarysystem32.xyz/" "Mozilla/5.0 (Windows NT 10.0; Win64; x64) AppleWebKit/537.36 (KHTML, like Gecko) Chrome/79.0.3945.88 Safari/537.36"
31.223.54.36 - - [05/Jan/2020:05:41:12 -0700] "GET /js/main.js HTTP/1.1" 200 599 "http://odev.librarysystem32.xyz/" "Mozilla/5.0 (Windows NT 10.0; Win64; x64) AppleWebKit/537.36 (KHTML, like Gecko) Chrome/79.0.3945.88 Safari/537.36"
31.223.54.36 - - [05/Jan/2020:05:41:12 -0700] "GET /images/logo.png HTTP/1.1" 200 64121 "http://odev.librarysystem32.xyz/" "Mozilla/5.0 (Windows NT 10.0; Win64; x64) AppleWebKit/537.36 (KHTML, like Gecko) Chrome/79.0.3945.88 Safari/537.36"
31.223.54.36 - - [05/Jan/2020:05:41:12 -0700] "GET /images/kutuphane2_16_9_1522063639.jpg HTTP/1.1" 200 91544 "http://odev.librarysystem32.xyz/" "Mozilla/5.0 (Windows NT 10.0; Win64; x64) AppleWebKit/537.36 (KHTML, like Gecko) Chrome/79.0.3945.88 Safari/537.36"
31.223.54.36 - - [05/Jan/2020:05:41:13 -0700] "GET /images/preview_bedales_library__1920___1080_-900-x-600-900x580.jpg HTTP/1.1" 200 147092 "http://odev.librarysystem32.xyz/" "Mozilla/5.0 (Windows NT 10.0; Win64; x64) AppleWebKit/537.36 (KHTML, like Gecko) Chrome/79.0.3945.88 Safari/537.36"
31.223.54.36 - - [05/Jan/2020:05:41:14 -0700] "GET /kitap.php HTTP/1.1" 200 2167 "http://odev.librarysystem32.xyz/" "Mozilla/5.0 (Windows NT 10.0; Win64; x64) AppleWebKit/537.36 (KHTML, like Gecko) Chrome/79.0.3945.88 Safari/537.36"
31.223.54.36 - - [05/Jan/2020:05:41:14 -0700] "GET /images/satranc.jpg HTTP/1.1" 200 8822 "http://odev.librarysystem32.xyz/kitap.php" "Mozilla/5.0 (Windows NT 10.0; Win64; x64) AppleWebKit/537.36 (KHTML, like Gecko) Chrome/79.0.3945.88 Safari/537.36"
31.223.54.36 - - [05/Jan/2020:05:41:14 -0700] "GET /images/korku.jpg HTTP/1.1" 200 22620 "http://odev.librarysystem32.xyz/kitap.php" "Mozilla/5.0 (Windows NT 10.0; Win64; x64) AppleWebKit/537.36 (KHTML, like Gecko) Chrome/79.0.3945.88 Safari/537.36"
31.223.54.36 - - [05/Jan/2020:05:41:14 -0700] "GET /css/bootstrap.min.css HTTP/1.1" 200 23238 "http://odev.librarysystem32.xyz/kitap.php" "Mozilla/5.0 (Windows NT 10.0; Win64; x64) AppleWebKit/537.36 (KHTML, like Gecko) Chrome/79.0.3945.88 Safari/537.36"
31.223.54.36 - - [05/Jan/2020:05:41:12 -0700] "GET /images/kutuphane-1.jpg HTTP/1.1" 200 242673 "http://odev.librarysystem32.xyz/" "Mozilla/5.0 (Windows NT 10.0; Win64; x64) AppleWebKit/537.36 (KHTML, like Gecko) Chrome/79.0.3945.88 Safari/537.36"
31.223.54.36 - - [05/Jan/2020:05:41:14 -0700] "GET /js/bootstrap.min.js HTTP/1.1" 200 15437 "http://odev.librarysystem32.xyz/kitap.php" "Mozilla/5.0 (Windows NT 10.0; Win64; x64) AppleWebKit/537.36 (KHTML, like Gecko) Chrome/79.0.3945.88 Safari/537.36"
31.223.54.36 - - [05/Jan/2020:05:41:14 -0700] "GET /images/kurkmantolu.jpg HTTP/1.1" 200 17618 "http://odev.librarysystem32.xyz/kitap.php" "Mozilla/5.0 (Windows NT 10.0; Win64; x64) AppleWebKit/537.36 (KHTML, like Gecko) Chrome/79.0.3945.88 Safari/537.36"
31.223.54.36 - - [05/Jan/2020:05:41:14 -0700] "GET /js/jquery-3.4.1.min.js HTTP/1.1" 200 30677 "http://odev.librarysystem32.xyz/kitap.php" "Mozilla/5.0 (Windows NT 10.0; Win64; x64) AppleWebKit/537.36 (KHTML, like Gecko) Chrome/79.0.3945.88 Safari/537.36"
31.223.54.36 - - [05/Jan/2020:05:41:16 -0700] "GET /favicon.ico HTTP/1.1" 404 - "http://odev.librarysystem32.xyz/kitap.php" "Mozilla/5.0 (Windows NT 10.0; Win64; x64) AppleWebKit/537.36 (KHTML, like Gecko) Chrome/79.0.3945.88 Safari/537.36"
31.223.54.36 - - [05/Jan/2020:05:41:19 -0700] "POST /kitap.php HTTP/1.1" 200 2167 "http://odev.librarysystem32.xyz/kitap.php" "Mozilla/5.0 (Windows NT 10.0; Win64; x64) AppleWebKit/537.36 (KHTML, like Gecko) Chrome/79.0.3945.88 Safari/537.36"
31.223.54.36 - - [05/Jan/2020:05:41:21 -0700] "GET /index.php HTTP/1.1" 200 3190 "http://odev.librarysystem32.xyz/kitap.php" "Mozilla/5.0 (Windows NT 10.0; Win64; x64) AppleWebKit/537.36 (KHTML, like Gecko) Chrome/79.0.3945.88 Safari/537.36"
31.223.54.36 - - [05/Jan/2020:05:41:22 -0700] "GET /images/kutuphane-1.jpg HTTP/1.1" 206 1 "http://odev.librarysystem32.xyz/index.php" "Mozilla/5.0 (Windows NT 10.0; Win64; x64) AppleWebKit/537.36 (KHTML, like Gecko) Chrome/79.0.3945.88 Safari/537.36"
31.223.54.36 - - [05/Jan/2020:05:41:22 -0700] "GET /images/kutuphane-1.jpg HTTP/1.1" 206 37027 "http://odev.librarysystem32.xyz/index.php" "Mozilla/5.0 (Windows NT 10.0; Win64; x64) AppleWebKit/537.36 (KHTML, like Gecko) Chrome/79.0.3945.88 Safari/537.36"
31.223.54.36 - - [05/Jan/2020:05:41:25 -0700] "GET /kitapekle.php HTTP/1.1" 200 2445 "http://odev.librarysystem32.xyz/index.php" "Mozilla/5.0 (Windows NT 10.0; Win64; x64) AppleWebKit/537.36 (KHTML, like Gecko) Chrome/79.0.3945.88 Safari/537.36"
31.223.54.36 - - [05/Jan/2020:05:41:45 -0700] "POST /functions/kitapekle.php HTTP/1.1" 302 - "http://odev.librarysystem32.xyz/kitapekle.php" "Mozilla/5.0 (Windows NT 10.0; Win64; x64) AppleWebKit/537.36 (KHTML, like Gecko) Chrome/79.0.3945.88 Safari/537.36"
31.223.54.36 - - [05/Jan/2020:05:41:45 -0700] "GET /kitapekle.php?success=true HTTP/1.1" 200 2488 "http://odev.librarysystem32.xyz/kitapekle.php" "Mozilla/5.0 (Windows NT 10.0; Win64; x64) AppleWebKit/537.36 (KHTML, like Gecko) Chrome/79.0.3945.88 Safari/537.36"
31.223.54.36 - - [05/Jan/2020:05:41:48 -0700] "GET /index.php HTTP/1.1" 200 3190 "http://odev.librarysystem32.xyz/kitapekle.php?success=true" "Mozilla/5.0 (Windows NT 10.0; Win64; x64) AppleWebKit/537.36 (KHTML, like Gecko) Chrome/79.0.3945.88 Safari/537.36"
31.223.54.36 - - [05/Jan/2020:05:41:49 -0700] "GET /kitap.php HTTP/1.1" 200 2205 "http://odev.librarysystem32.xyz/index.php" "Mozilla/5.0 (Windows NT 10.0; Win64; x64) AppleWebKit/537.36 (KHTML, like Gecko) Chrome/79.0.3945.88 Safari/537.36"
31.223.54.36 - - [05/Jan/2020:05:41:50 -0700] "GET /images/korku.jpg HTTP/1.1" 304 - "http://odev.librarysystem32.xyz/kitap.php" "Mozilla/5.0 (Windows NT 10.0; Win64; x64) AppleWebKit/537.36 (KHTML, like Gecko) Chrome/79.0.3945.88 Safari/537.36"
31.223.54.36 - - [05/Jan/2020:05:41:51 -0700] "GET /images/cal?kusu.jpg HTTP/1.1" 404 - "http://odev.librarysystem32.xyz/kitap.php" "Mozilla/5.0 (Windows NT 10.0; Win64; x64) AppleWebKit/537.36 (KHTML, like Gecko) Chrome/79.0.3945.88 Safari/537.36"
31.223.54.36 - - [05/Jan/2020:05:41:57 -0700] "GET /index.php HTTP/1.1" 200 3190 "http://odev.librarysystem32.xyz/index.php" "Mozilla/5.0 (Windows NT 10.0; Win64; x64) AppleWebKit/537.36 (KHTML, like Gecko) Chrome/79.0.3945.88 Safari/537.36"
31.223.54.36 - - [05/Jan/2020:05:41:58 -0700] "GET /kitapekle.php HTTP/1.1" 200 2457 "http://odev.librarysystem32.xyz/kitap.php" "Mozilla/5.0 (Windows NT 10.0; Win64; x64) AppleWebKit/537.36 (KHTML, like Gecko) Chrome/79.0.3945.88 Safari/537.36"
31.223.54.36 - - [05/Jan/2020:05:41:59 -0700] "GET /kitap.php HTTP/1.1" 200 2205 "http://odev.librarysystem32.xyz/index.php" "Mozilla/5.0 (Windows NT 10.0; Win64; x64) AppleWebKit/537.36 (KHTML, like Gecko) Chrome/79.0.3945.88 Safari/537.36"
31.223.54.36 - - [05/Jan/2020:05:41:59 -0700] "GET /images/korku.jpg HTTP/1.1" 304 - "http://odev.librarysystem32.xyz/kitap.php" "Mozilla/5.0 (Windows NT 10.0; Win64; x64) AppleWebKit/537.36 (KHTML, like Gecko) Chrome/79.0.3945.88 Safari/537.36"
31.223.54.36 - - [05/Jan/2020:05:41:59 -0700] "GET /images/cal?kusu.jpg HTTP/1.1" 404 - "http://odev.librarysystem32.xyz/kitap.php" "Mozilla/5.0 (Windows NT 10.0; Win64; x64) AppleWebKit/537.36 (KHTML, like Gecko) Chrome/79.0.3945.88 Safari/537.36"
31.223.54.36 - - [05/Jan/2020:05:42:00 -0700] "GET /images/kurkmantolu.jpg HTTP/1.1" 304 - "http://odev.librarysystem32.xyz/kitap.php" "Mozilla/5.0 (Windows NT 10.0; Win64; x64) AppleWebKit/537.36 (KHTML, like Gecko) Chrome/79.0.3945.88 Safari/537.36"
31.223.54.36 - - [05/Jan/2020:05:42:03 -0700] "POST /functions/kitapsil.php HTTP/1.1" 302 - "http://odev.librarysystem32.xyz/kitapekle.php" "Mozilla/5.0 (Windows NT 10.0; Win64; x64) AppleWebKit/537.36 (KHTML, like Gecko) Chrome/79.0.3945.88 Safari/537.36"
31.223.54.36 - - [05/Jan/2020:05:42:03 -0700] "GET /kitapekle.php?silindi=true HTTP/1.1" 200 2477 "http://odev.librarysystem32.xyz/kitapekle.php" "Mozilla/5.0 (Windows NT 10.0; Win64; x64) AppleWebKit/537.36 (KHTML, like Gecko) Chrome/79.0.3945.88 Safari/537.36"
31.223.54.36 - - [05/Jan/2020:05:42:04 -0700] "GET /index.php HTTP/1.1" 200 3190 "http://odev.librarysystem32.xyz/kitapekle.php?silindi=true" "Mozilla/5.0 (Windows NT 10.0; Win64; x64) AppleWebKit/537.36 (KHTML, like Gecko) Chrome/79.0.3945.88 Safari/537.36"
31.223.54.36 - - [05/Jan/2020:05:42:05 -0700] "GET /kitap.php HTTP/1.1" 200 2167 "http://odev.librarysystem32.xyz/index.php" "Mozilla/5.0 (Windows NT 10.0; Win64; x64) AppleWebKit/537.36 (KHTML, like Gecko) Chrome/79.0.3945.88 Safari/537.36"
31.223.54.36 - - [05/Jan/2020:05:42:37 -0700] "GET /sepet.php HTTP/1.1" 200 1931 "http://odev.librarysystem32.xyz/kitap.php" "Mozilla/5.0 (Windows NT 10.0; Win64; x64) AppleWebKit/537.36 (KHTML, like Gecko) Chrome/79.0.3945.88 Safari/537.36"
31.223.54.36 - - [05/Jan/2020:05:42:39 -0700] "GET /index.php HTTP/1.1" 200 3190 "http://odev.librarysystem32.xyz/sepet.php" "Mozilla/5.0 (Windows NT 10.0; Win64; x64) AppleWebKit/537.36 (KHTML, like Gecko) Chrome/79.0.3945.88 Safari/537.36"
31.223.54.36 - - [05/Jan/2020:05:43:26 -0700] "GET /kitap.php HTTP/1.1" 200 2167 "http://odev.librarysystem32.xyz/index.php" "Mozilla/5.0 (Windows NT 10.0; Win64; x64) AppleWebKit/537.36 (KHTML, like Gecko) Chrome/79.0.3945.88 Safari/537.36"
31.223.54.36 - - [05/Jan/2020:05:43:27 -0700] "GET /images/korku.jpg HTTP/1.1" 304 - "http://odev.librarysystem32.xyz/kitap.php" "Mozilla/5.0 (Windows NT 10.0; Win64; x64) AppleWebKit/537.36 (KHTML, like Gecko) Chrome/79.0.3945.88 Safari/537.36"
31.223.54.36 - - [05/Jan/2020:05:43:27 -0700] "GET /images/kurkmantolu.jpg HTTP/1.1" 304 - "http://odev.librarysystem32.xyz/kitap.php" "Mozilla/5.0 (Windows NT 10.0; Win64; x64) AppleWebKit/537.36 (KHTML, like Gecko) Chrome/79.0.3945.88 Safari/537.36"
78.161.91.64 - - [05/Jan/2020:05:45:28 -0700] "POST /include/login.inc.php HTTP/1.1" 302 169 "http://odev.librarysystem32.xyz/login.php" "Mozilla/5.0 (Windows NT 10.0; Win64; x64; rv:71.0) Gecko/20100101 Firefox/71.0"
78.161.91.64 - - [05/Jan/2020:05:45:28 -0700] "GET /login.php?error=nouser HTTP/1.1" 200 2255 "http://odev.librarysystem32.xyz/login.php" "Mozilla/5.0 (Windows NT 10.0; Win64; x64; rv:71.0) Gecko/20100101 Firefox/71.0"
78.161.91.64 - - [05/Jan/2020:05:45:28 -0700] "GET /css/main.css HTTP/1.1" 200 1606 "http://odev.librarysystem32.xyz/login.php?error=nouser" "Mozilla/5.0 (Windows NT 10.0; Win64; x64; rv:71.0) Gecko/20100101 Firefox/71.0"
78.161.91.64 - - [05/Jan/2020:05:45:28 -0700] "GET /images/logo.png HTTP/1.1" 304 - "http://odev.librarysystem32.xyz/login.php?error=nouser" "Mozilla/5.0 (Windows NT 10.0; Win64; x64; rv:71.0) Gecko/20100101 Firefox/71.0"
78.161.91.64 - - [05/Jan/2020:05:45:29 -0700] "GET /favicon.ico HTTP/1.1" 404 - "-" "Mozilla/5.0 (Windows NT 10.0; Win64; x64; rv:71.0) Gecko/20100101 Firefox/71.0"
78.161.91.64 - - [05/Jan/2020:05:45:33 -0700] "POST /include/login.inc.php HTTP/1.1" 302 169 "http://odev.librarysystem32.xyz/login.php?error=nouser" "Mozilla/5.0 (Windows NT 10.0; Win64; x64; rv:71.0) Gecko/20100101 Firefox/71.0"
78.161.91.64 - - [05/Jan/2020:05:45:33 -0700] "GET /login.php?error=nouser HTTP/1.1" 200 2255 "http://odev.librarysystem32.xyz/login.php?error=nouser" "Mozilla/5.0 (Windows NT 10.0; Win64; x64; rv:71.0) Gecko/20100101 Firefox/71.0"
78.161.91.64 - - [05/Jan/2020:05:45:50 -0700] "GET / HTTP/1.1" 200 3190 "-" "Mozilla/5.0 (Windows NT 10.0; Win64; x64; rv:71.0) Gecko/20100101 Firefox/71.0"
78.161.91.64 - - [05/Jan/2020:05:45:50 -0700] "GET /js/main.js HTTP/1.1" 200 599 "http://odev.librarysystem32.xyz/" "Mozilla/5.0 (Windows NT 10.0; Win64; x64; rv:71.0) Gecko/20100101 Firefox/71.0"
78.161.91.64 - - [05/Jan/2020:05:45:51 -0700] "GET /index1.php HTTP/1.1" 200 2124 "http://odev.librarysystem32.xyz/" "Mozilla/5.0 (Windows NT 10.0; Win64; x64; rv:71.0) Gecko/20100101 Firefox/71.0"
78.161.91.64 - - [05/Jan/2020:05:45:52 -0700] "GET /login.php HTTP/1.1" 200 2255 "http://odev.librarysystem32.xyz/index1.php" "Mozilla/5.0 (Windows NT 10.0; Win64; x64; rv:71.0) Gecko/20100101 Firefox/71.0"
78.161.91.64 - - [05/Jan/2020:05:45:58 -0700] "POST /include/login.inc.php HTTP/1.1" 302 168 "http://odev.librarysystem32.xyz/login.php" "Mozilla/5.0 (Windows NT 10.0; Win64; x64; rv:71.0) Gecko/20100101 Firefox/71.0"
78.161.91.64 - - [05/Jan/2020:05:45:58 -0700] "GET /login.php?error=nouser HTTP/1.1" 200 2255 "http://odev.librarysystem32.xyz/login.php" "Mozilla/5.0 (Windows NT 10.0; Win64; x64; rv:71.0) Gecko/20100101 Firefox/71.0"
78.161.91.64 - - [05/Jan/2020:05:46:04 -0700] "POST /include/login.inc.php HTTP/1.1" 302 169 "http://odev.librarysystem32.xyz/login.php?error=nouser" "Mozilla/5.0 (Windows NT 10.0; Win64; x64; rv:71.0) Gecko/20100101 Firefox/71.0"
78.161.91.64 - - [05/Jan/2020:05:46:04 -0700] "GET /login.php?error=nouser HTTP/1.1" 200 2255 "http://odev.librarysystem32.xyz/login.php?error=nouser" "Mozilla/5.0 (Windows NT 10.0; Win64; x64; rv:71.0) Gecko/20100101 Firefox/71.0"
78.161.91.64 - - [05/Jan/2020:05:46:05 -0700] "GET /signup.php HTTP/1.1" 200 2290 "http://odev.librarysystem32.xyz/login.php?error=nouser" "Mozilla/5.0 (Windows NT 10.0; Win64; x64; rv:71.0) Gecko/20100101 Firefox/71.0"
78.161.91.64 - - [05/Jan/2020:05:46:23 -0700] "POST /include/signup.inc.php HTTP/1.1" 302 - "http://odev.librarysystem32.xyz/signup.php" "Mozilla/5.0 (Windows NT 10.0; Win64; x64; rv:71.0) Gecko/20100101 Firefox/71.0"
78.161.91.64 - - [05/Jan/2020:05:46:23 -0700] "GET /signup.php?signup=success HTTP/1.1" 200 2290 "http://odev.librarysystem32.xyz/signup.php" "Mozilla/5.0 (Windows NT 10.0; Win64; x64; rv:71.0) Gecko/20100101 Firefox/71.0"
78.161.91.64 - - [05/Jan/2020:05:46:25 -0700] "GET /login.php HTTP/1.1" 200 2255 "http://odev.librarysystem32.xyz/signup.php?signup=success" "Mozilla/5.0 (Windows NT 10.0; Win64; x64; rv:71.0) Gecko/20100101 Firefox/71.0"
78.161.91.64 - - [05/Jan/2020:05:46:30 -0700] "POST /include/login.inc.php HTTP/1.1" 302 169 "http://odev.librarysystem32.xyz/login.php" "Mozilla/5.0 (Windows NT 10.0; Win64; x64; rv:71.0) Gecko/20100101 Firefox/71.0"
78.161.91.64 - - [05/Jan/2020:05:46:30 -0700] "GET /login.php?error=nouser HTTP/1.1" 200 2255 "http://odev.librarysystem32.xyz/login.php" "Mozilla/5.0 (Windows NT 10.0; Win64; x64; rv:71.0) Gecko/20100101 Firefox/71.0"
78.161.91.64 - - [05/Jan/2020:05:46:37 -0700] "POST /include/login.inc.php HTTP/1.1" 302 168 "http://odev.librarysystem32.xyz/login.php?error=nouser" "Mozilla/5.0 (Windows NT 10.0; Win64; x64; rv:71.0) Gecko/20100101 Firefox/71.0"
78.161.91.64 - - [05/Jan/2020:05:46:37 -0700] "GET /login.php?error=nouser HTTP/1.1" 200 2255 "http://odev.librarysystem32.xyz/login.php?error=nouser" "Mozilla/5.0 (Windows NT 10.0; Win64; x64; rv:71.0) Gecko/20100101 Firefox/71.0"
31.223.54.36 - - [05/Jan/2020:05:48:52 -0700] "GET /index.php HTTP/1.1" 200 3190 "http://odev.librarysystem32.xyz/kitap.php" "Mozilla/5.0 (Windows NT 10.0; Win64; x64) AppleWebKit/537.36 (KHTML, like Gecko) Chrome/79.0.3945.88 Safari/537.36"
78.161.91.64 - - [05/Jan/2020:05:49:10 -0700] "GET / HTTP/1.1" 200 3190 "-" "Mozilla/5.0 (Windows NT 10.0; Win64; x64; rv:71.0) Gecko/20100101 Firefox/71.0"
78.161.91.64 - - [05/Jan/2020:05:49:12 -0700] "GET /index1.php HTTP/1.1" 200 2124 "http://odev.librarysystem32.xyz/" "Mozilla/5.0 (Windows NT 10.0; Win64; x64; rv:71.0) Gecko/20100101 Firefox/71.0"
78.161.91.64 - - [05/Jan/2020:05:49:13 -0700] "GET /login.php HTTP/1.1" 200 2255 "http://odev.librarysystem32.xyz/index1.php" "Mozilla/5.0 (Windows NT 10.0; Win64; x64; rv:71.0) Gecko/20100101 Firefox/71.0"
78.161.91.64 - - [05/Jan/2020:05:49:17 -0700] "POST /include/login.inc.php HTTP/1.1" 500 - "http://odev.librarysystem32.xyz/login.php" "Mozilla/5.0 (Windows NT 10.0; Win64; x64; rv:71.0) Gecko/20100101 Firefox/71.0"
78.161.91.64 - - [05/Jan/2020:05:49:28 -0700] "GET /login.php HTTP/1.1" 200 2255 "http://odev.librarysystem32.xyz/index1.php" "Mozilla/5.0 (Windows NT 10.0; Win64; x64; rv:71.0) Gecko/20100101 Firefox/71.0"
78.161.91.64 - - [05/Jan/2020:05:49:39 -0700] "GET /login.php HTTP/1.1" 200 2255 "http://odev.librarysystem32.xyz/index1.php" "Mozilla/5.0 (Windows NT 10.0; Win64; x64; rv:71.0) Gecko/20100101 Firefox/71.0"
78.161.91.64 - - [05/Jan/2020:05:49:39 -0700] "GET /css/main.css HTTP/1.1" 200 1606 "http://odev.librarysystem32.xyz/login.php" "Mozilla/5.0 (Windows NT 10.0; Win64; x64; rv:71.0) Gecko/20100101 Firefox/71.0"
78.161.91.64 - - [05/Jan/2020:05:49:40 -0700] "GET /images/logo.png HTTP/1.1" 304 - "http://odev.librarysystem32.xyz/login.php" "Mozilla/5.0 (Windows NT 10.0; Win64; x64; rv:71.0) Gecko/20100101 Firefox/71.0"
78.161.91.64 - - [05/Jan/2020:05:49:40 -0700] "GET /login.php HTTP/1.1" 200 2255 "http://odev.librarysystem32.xyz/login.php" "Mozilla/5.0 (Windows NT 10.0; Win64; x64; rv:71.0) Gecko/20100101 Firefox/71.0"
78.161.91.64 - - [05/Jan/2020:05:49:47 -0700] "POST /include/login.inc.php HTTP/1.1" 302 169 "http://odev.librarysystem32.xyz/login.php" "Mozilla/5.0 (Windows NT 10.0; Win64; x64; rv:71.0) Gecko/20100101 Firefox/71.0"
78.161.91.64 - - [05/Jan/2020:05:49:47 -0700] "GET /login.php?error=nouser HTTP/1.1" 200 2255 "http://odev.librarysystem32.xyz/login.php" "Mozilla/5.0 (Windows NT 10.0; Win64; x64; rv:71.0) Gecko/20100101 Firefox/71.0"
88.237.133.217 - - [05/Jan/2020:05:50:22 -0700] "GET /yenigelen.php HTTP/1.1" 200 2447 "http://odev.librarysystem32.xyz/sozluk.php" "Mozilla/5.0 (Windows NT 10.0; Win64; x64; rv:71.0) Gecko/20100101 Firefox/71.0"
88.237.133.217 - - [05/Jan/2020:05:50:22 -0700] "GET /js/bootstrap.min.js HTTP/1.1" 200 15437 "http://odev.librarysystem32.xyz/yenigelen.php" "Mozilla/5.0 (Windows NT 10.0; Win64; x64; rv:71.0) Gecko/20100101 Firefox/71.0"
88.237.133.217 - - [05/Jan/2020:05:50:22 -0700] "GET /js/main.js HTTP/1.1" 200 599 "http://odev.librarysystem32.xyz/yenigelen.php" "Mozilla/5.0 (Windows NT 10.0; Win64; x64; rv:71.0) Gecko/20100101 Firefox/71.0"
88.237.133.217 - - [05/Jan/2020:05:50:22 -0700] "GET /js/jquery-3.4.1.min.js HTTP/1.1" 200 30677 "http://odev.librarysystem32.xyz/yenigelen.php" "Mozilla/5.0 (Windows NT 10.0; Win64; x64; rv:71.0) Gecko/20100101 Firefox/71.0"
88.237.133.217 - - [05/Jan/2020:05:50:22 -0700] "GET /css/main.css HTTP/1.1" 200 1606 "http://odev.librarysystem32.xyz/yenigelen.php" "Mozilla/5.0 (Windows NT 10.0; Win64; x64; rv:71.0) Gecko/20100101 Firefox/71.0"
88.237.133.217 - - [05/Jan/2020:05:50:22 -0700] "GET /css/bootstrap.min.css HTTP/1.1" 200 23238 "http://odev.librarysystem32.xyz/yenigelen.php" "Mozilla/5.0 (Windows NT 10.0; Win64; x64; rv:71.0) Gecko/20100101 Firefox/71.0"
88.237.133.217 - - [05/Jan/2020:05:50:22 -0700] "GET /images/havari.jpg HTTP/1.1" 200 12323 "http://odev.librarysystem32.xyz/yenigelen.php" "Mozilla/5.0 (Windows NT 10.0; Win64; x64; rv:71.0) Gecko/20100101 Firefox/71.0"
88.237.133.217 - - [05/Jan/2020:05:50:22 -0700] "GET /images/sadece.jpg HTTP/1.1" 304 - "http://odev.librarysystem32.xyz/yenigelen.php" "Mozilla/5.0 (Windows NT 10.0; Win64; x64; rv:71.0) Gecko/20100101 Firefox/71.0"
88.237.133.217 - - [05/Jan/2020:05:50:22 -0700] "GET /images/kurkmantolu.jpg HTTP/1.1" 304 - "http://odev.librarysystem32.xyz/yenigelen.php" "Mozilla/5.0 (Windows NT 10.0; Win64; x64; rv:71.0) Gecko/20100101 Firefox/71.0"
88.237.133.217 - - [05/Jan/2020:05:50:22 -0700] "GET /images/yaratici.jpg HTTP/1.1" 304 - "http://odev.librarysystem32.xyz/yenigelen.php" "Mozilla/5.0 (Windows NT 10.0; Win64; x64; rv:71.0) Gecko/20100101 Firefox/71.0"
88.237.133.217 - - [05/Jan/2020:05:50:22 -0700] "GET /images/korku.jpg HTTP/1.1" 304 - "http://odev.librarysystem32.xyz/yenigelen.php" "Mozilla/5.0 (Windows NT 10.0; Win64; x64; rv:71.0) Gecko/20100101 Firefox/71.0"
88.237.133.217 - - [05/Jan/2020:05:50:22 -0700] "GET /images/satranc.jpg HTTP/1.1" 304 - "http://odev.librarysystem32.xyz/yenigelen.php" "Mozilla/5.0 (Windows NT 10.0; Win64; x64; rv:71.0) Gecko/20100101 Firefox/71.0"
88.237.133.217 - - [05/Jan/2020:05:50:22 -0700] "GET /images/logo.png HTTP/1.1" 200 64121 "http://odev.librarysystem32.xyz/yenigelen.php" "Mozilla/5.0 (Windows NT 10.0; Win64; x64; rv:71.0) Gecko/20100101 Firefox/71.0"
88.237.133.217 - - [05/Jan/2020:05:50:22 -0700] "GET /favicon.ico HTTP/1.1" 404 - "-" "Mozilla/5.0 (Windows NT 10.0; Win64; x64; rv:71.0) Gecko/20100101 Firefox/71.0"
88.237.133.217 - - [05/Jan/2020:05:50:42 -0700] "GET /kitap.php HTTP/1.1" 200 2167 "http://odev.librarysystem32.xyz/yenigelen.php" "Mozilla/5.0 (Windows NT 10.0; Win64; x64; rv:71.0) Gecko/20100101 Firefox/71.0"
88.237.133.217 - - [05/Jan/2020:05:50:42 -0700] "GET /css/main.css HTTP/1.1" 200 1606 "http://odev.librarysystem32.xyz/kitap.php" "Mozilla/5.0 (Windows NT 10.0; Win64; x64; rv:71.0) Gecko/20100101 Firefox/71.0"
88.237.133.217 - - [05/Jan/2020:05:50:42 -0700] "GET /css/bootstrap.min.css HTTP/1.1" 200 23238 "http://odev.librarysystem32.xyz/kitap.php" "Mozilla/5.0 (Windows NT 10.0; Win64; x64; rv:71.0) Gecko/20100101 Firefox/71.0"
88.237.133.217 - - [05/Jan/2020:05:50:47 -0700] "GET /kullaniciekle.php HTTP/1.1" 200 2407 "http://odev.librarysystem32.xyz/kitap.php" "Mozilla/5.0 (Windows NT 10.0; Win64; x64; rv:71.0) Gecko/20100101 Firefox/71.0"
31.223.54.36 - - [05/Jan/2020:05:51:40 -0700] "GET /index.php HTTP/1.1" 200 3190 "http://odev.librarysystem32.xyz/index.php" "Mozilla/5.0 (Windows NT 10.0; Win64; x64) AppleWebKit/537.36 (KHTML, like Gecko) Chrome/79.0.3945.88 Safari/537.36"
31.223.54.36 - - [05/Jan/2020:05:51:45 -0700] "GET /sozluk.php HTTP/1.1" 200 2134 "http://odev.librarysystem32.xyz/index.php" "Mozilla/5.0 (Windows NT 10.0; Win64; x64) AppleWebKit/537.36 (KHTML, like Gecko) Chrome/79.0.3945.88 Safari/537.36"
78.161.91.64 - - [05/Jan/2020:05:55:04 -0700] "GET /login.php?error=nouser HTTP/1.1" 200 2255 "http://odev.librarysystem32.xyz/login.php" "Mozilla/5.0 (Windows NT 10.0; Win64; x64; rv:71.0) Gecko/20100101 Firefox/71.0"
78.161.91.64 - - [05/Jan/2020:05:55:04 -0700] "GET /css/main.css HTTP/1.1" 200 1606 "http://odev.librarysystem32.xyz/login.php?error=nouser" "Mozilla/5.0 (Windows NT 10.0; Win64; x64; rv:71.0) Gecko/20100101 Firefox/71.0"
78.161.91.64 - - [05/Jan/2020:05:55:04 -0700] "GET /images/logo.png HTTP/1.1" 304 - "http://odev.librarysystem32.xyz/login.php?error=nouser" "Mozilla/5.0 (Windows NT 10.0; Win64; x64; rv:71.0) Gecko/20100101 Firefox/71.0"
78.161.91.64 - - [05/Jan/2020:05:55:05 -0700] "GET /login.php HTTP/1.1" 200 2255 "http://odev.librarysystem32.xyz/login.php?error=nouser" "Mozilla/5.0 (Windows NT 10.0; Win64; x64; rv:71.0) Gecko/20100101 Firefox/71.0"
78.161.91.64 - - [05/Jan/2020:05:55:09 -0700] "POST /include/login.inc.php HTTP/1.1" 302 235 "http://odev.librarysystem32.xyz/login.php" "Mozilla/5.0 (Windows NT 10.0; Win64; x64; rv:71.0) Gecko/20100101 Firefox/71.0"
78.161.91.64 - - [05/Jan/2020:05:55:09 -0700] "GET /login.php?error=nouser HTTP/1.1" 200 2255 "http://odev.librarysystem32.xyz/login.php" "Mozilla/5.0 (Windows NT 10.0; Win64; x64; rv:71.0) Gecko/20100101 Firefox/71.0"
31.223.54.36 - - [05/Jan/2020:05:56:51 -0700] "GET /index.php HTTP/1.1" 200 3190 "http://odev.librarysystem32.xyz/sozluk.php" "Mozilla/5.0 (Windows NT 10.0; Win64; x64) AppleWebKit/537.36 (KHTML, like Gecko) Chrome/79.0.3945.88 Safari/537.36"
31.223.54.36 - - [05/Jan/2020:05:56:54 -0700] "GET /sozluk.php HTTP/1.1" 200 2134 "http://odev.librarysystem32.xyz/index.php" "Mozilla/5.0 (Windows NT 10.0; Win64; x64) AppleWebKit/537.36 (KHTML, like Gecko) Chrome/79.0.3945.88 Safari/537.36"
78.161.91.64 - - [05/Jan/2020:05:59:20 -0700] "GET / HTTP/1.1" 200 3190 "-" "Mozilla/5.0 (Windows NT 10.0; Win64; x64; rv:71.0) Gecko/20100101 Firefox/71.0"
78.161.91.64 - - [05/Jan/2020:06:02:45 -0700] "GET / HTTP/1.1" 200 3190 "-" "Mozilla/5.0 (Windows NT 10.0; Win64; x64; rv:71.0) Gecko/20100101 Firefox/71.0"
78.161.91.64 - - [05/Jan/2020:06:02:46 -0700] "GET /favicon.ico HTTP/1.1" 404 - "-" "Mozilla/5.0 (Windows NT 10.0; Win64; x64; rv:71.0) Gecko/20100101 Firefox/71.0"
78.161.91.64 - - [05/Jan/2020:06:02:47 -0700] "GET /index1.php HTTP/1.1" 200 2124 "http://odev.librarysystem32.xyz/" "Mozilla/5.0 (Windows NT 10.0; Win64; x64; rv:71.0) Gecko/20100101 Firefox/71.0"
78.161.91.64 - - [05/Jan/2020:06:02:48 -0700] "GET /login.php HTTP/1.1" 200 2255 "http://odev.librarysystem32.xyz/index1.php" "Mozilla/5.0 (Windows NT 10.0; Win64; x64; rv:71.0) Gecko/20100101 Firefox/71.0"
78.161.91.64 - - [05/Jan/2020:06:02:52 -0700] "POST /include/login.inc.php HTTP/1.1" 302 235 "http://odev.librarysystem32.xyz/login.php" "Mozilla/5.0 (Windows NT 10.0; Win64; x64; rv:71.0) Gecko/20100101 Firefox/71.0"
78.161.91.64 - - [05/Jan/2020:06:02:52 -0700] "GET /login.php?error=nouser HTTP/1.1" 200 2255 "http://odev.librarysystem32.xyz/login.php" "Mozilla/5.0 (Windows NT 10.0; Win64; x64; rv:71.0) Gecko/20100101 Firefox/71.0"
78.161.91.64 - - [05/Jan/2020:06:03:37 -0700] "GET /login.php?error=nouser HTTP/1.1" 200 2255 "http://odev.librarysystem32.xyz/login.php" "Mozilla/5.0 (Windows NT 10.0; Win64; x64; rv:71.0) Gecko/20100101 Firefox/71.0"
78.161.91.64 - - [05/Jan/2020:06:03:37 -0700] "GET /css/main.css HTTP/1.1" 200 1606 "http://odev.librarysystem32.xyz/login.php?error=nouser" "Mozilla/5.0 (Windows NT 10.0; Win64; x64; rv:71.0) Gecko/20100101 Firefox/71.0"
78.161.91.64 - - [05/Jan/2020:06:03:37 -0700] "GET /images/logo.png HTTP/1.1" 304 - "http://odev.librarysystem32.xyz/login.php?error=nouser" "Mozilla/5.0 (Windows NT 10.0; Win64; x64; rv:71.0) Gecko/20100101 Firefox/71.0"
78.161.91.64 - - [05/Jan/2020:06:03:38 -0700] "GET /login.php HTTP/1.1" 200 2255 "http://odev.librarysystem32.xyz/login.php?error=nouser" "Mozilla/5.0 (Windows NT 10.0; Win64; x64; rv:71.0) Gecko/20100101 Firefox/71.0"
78.161.91.64 - - [05/Jan/2020:06:03:42 -0700] "POST /include/login.inc.php HTTP/1.1" 302 - "http://odev.librarysystem32.xyz/login.php" "Mozilla/5.0 (Windows NT 10.0; Win64; x64; rv:71.0) Gecko/20100101 Firefox/71.0"
78.161.91.64 - - [05/Jan/2020:06:03:42 -0700] "GET /login.php?login=success HTTP/1.1" 200 2029 "http://odev.librarysystem32.xyz/login.php" "Mozilla/5.0 (Windows NT 10.0; Win64; x64; rv:71.0) Gecko/20100101 Firefox/71.0"
78.161.91.64 - - [05/Jan/2020:06:09:31 -0700] "GET /index.php HTTP/1.1" 200 3190 "http://odev.librarysystem32.xyz/login.php?login=success" "Mozilla/5.0 (Windows NT 10.0; Win64; x64; rv:71.0) Gecko/20100101 Firefox/71.0"
78.161.91.64 - - [05/Jan/2020:06:09:32 -0700] "GET /index1.php HTTP/1.1" 200 2275 "http://odev.librarysystem32.xyz/index.php" "Mozilla/5.0 (Windows NT 10.0; Win64; x64; rv:71.0) Gecko/20100101 Firefox/71.0"
88.237.133.217 - - [05/Jan/2020:06:09:35 -0700] "GET /index.php HTTP/1.1" 200 3190 "http://odev.librarysystem32.xyz/kullaniciekle.php" "Mozilla/5.0 (Windows NT 10.0; Win64; x64; rv:71.0) Gecko/20100101 Firefox/71.0"
88.237.133.217 - - [05/Jan/2020:06:09:36 -0700] "GET /images/logo.png HTTP/1.1" 200 64121 "http://odev.librarysystem32.xyz/index.php" "Mozilla/5.0 (Windows NT 10.0; Win64; x64; rv:71.0) Gecko/20100101 Firefox/71.0"
88.237.133.217 - - [05/Jan/2020:06:09:37 -0700] "GET /yenigelen.php HTTP/1.1" 200 2447 "http://odev.librarysystem32.xyz/index.php" "Mozilla/5.0 (Windows NT 10.0; Win64; x64; rv:71.0) Gecko/20100101 Firefox/71.0"
88.237.133.217 - - [05/Jan/2020:06:09:37 -0700] "GET /css/main.css HTTP/1.1" 200 1606 "http://odev.librarysystem32.xyz/yenigelen.php" "Mozilla/5.0 (Windows NT 10.0; Win64; x64; rv:71.0) Gecko/20100101 Firefox/71.0"
88.237.133.217 - - [05/Jan/2020:06:09:37 -0700] "GET /images/havari.jpg HTTP/1.1" 200 12323 "http://odev.librarysystem32.xyz/yenigelen.php" "Mozilla/5.0 (Windows NT 10.0; Win64; x64; rv:71.0) Gecko/20100101 Firefox/71.0"
88.237.133.217 - - [05/Jan/2020:06:09:37 -0700] "GET /css/bootstrap.min.css HTTP/1.1" 200 23238 "http://odev.librarysystem32.xyz/yenigelen.php" "Mozilla/5.0 (Windows NT 10.0; Win64; x64; rv:71.0) Gecko/20100101 Firefox/71.0"
88.237.133.217 - - [05/Jan/2020:06:09:37 -0700] "GET /images/kurkmantolu.jpg HTTP/1.1" 304 - "http://odev.librarysystem32.xyz/yenigelen.php" "Mozilla/5.0 (Windows NT 10.0; Win64; x64; rv:71.0) Gecko/20100101 Firefox/71.0"
88.237.133.217 - - [05/Jan/2020:06:09:37 -0700] "GET /images/korku.jpg HTTP/1.1" 304 - "http://odev.librarysystem32.xyz/yenigelen.php" "Mozilla/5.0 (Windows NT 10.0; Win64; x64; rv:71.0) Gecko/20100101 Firefox/71.0"
88.237.133.217 - - [05/Jan/2020:06:09:37 -0700] "GET /images/yaratici.jpg HTTP/1.1" 200 37803 "http://odev.librarysystem32.xyz/yenigelen.php" "Mozilla/5.0 (Windows NT 10.0; Win64; x64; rv:71.0) Gecko/20100101 Firefox/71.0"
88.237.133.217 - - [05/Jan/2020:06:09:37 -0700] "GET /images/sadece.jpg HTTP/1.1" 200 62115 "http://odev.librarysystem32.xyz/yenigelen.php" "Mozilla/5.0 (Windows NT 10.0; Win64; x64; rv:71.0) Gecko/20100101 Firefox/71.0"
78.161.91.64 - - [05/Jan/2020:06:09:38 -0700] "GET /index1.php HTTP/1.1" 200 2275 "http://odev.librarysystem32.xyz/index1.php" "Mozilla/5.0 (Windows NT 10.0; Win64; x64; rv:71.0) Gecko/20100101 Firefox/71.0"
31.223.54.36 - - [05/Jan/2020:06:12:24 -0700] "GET /sozluk.php HTTP/1.1" 200 2173 "http://odev.librarysystem32.xyz/index.php" "Mozilla/5.0 (Windows NT 10.0; Win64; x64) AppleWebKit/537.36 (KHTML, like Gecko) Chrome/79.0.3945.88 Safari/537.36"
78.161.91.64 - - [05/Jan/2020:06:13:40 -0700] "GET /index1.php HTTP/1.1" 200 2276 "http://odev.librarysystem32.xyz/index1.php" "Mozilla/5.0 (Windows NT 10.0; Win64; x64; rv:71.0) Gecko/20100101 Firefox/71.0"
78.161.91.64 - - [05/Jan/2020:06:13:41 -0700] "GET /css/main.css HTTP/1.1" 200 1606 "http://odev.librarysystem32.xyz/index1.php" "Mozilla/5.0 (Windows NT 10.0; Win64; x64; rv:71.0) Gecko/20100101 Firefox/71.0"
78.161.91.64 - - [05/Jan/2020:06:13:41 -0700] "GET /images/logo.png HTTP/1.1" 304 - "http://odev.librarysystem32.xyz/index1.php" "Mozilla/5.0 (Windows NT 10.0; Win64; x64; rv:71.0) Gecko/20100101 Firefox/71.0"
78.161.91.64 - - [05/Jan/2020:06:14:19 -0700] "GET /index1.php HTTP/1.1" 200 2276 "http://odev.librarysystem32.xyz/index1.php" "Mozilla/5.0 (Windows NT 10.0; Win64; x64; rv:71.0) Gecko/20100101 Firefox/71.0"
78.161.91.64 - - [05/Jan/2020:06:14:19 -0700] "GET /css/main.css HTTP/1.1" 200 1606 "http://odev.librarysystem32.xyz/index1.php" "Mozilla/5.0 (Windows NT 10.0; Win64; x64; rv:71.0) Gecko/20100101 Firefox/71.0"
78.161.91.64 - - [05/Jan/2020:06:14:19 -0700] "GET /images/logo.png HTTP/1.1" 304 - "http://odev.librarysystem32.xyz/index1.php" "Mozilla/5.0 (Windows NT 10.0; Win64; x64; rv:71.0) Gecko/20100101 Firefox/71.0"
31.223.54.36 - - [05/Jan/2020:06:14:29 -0700] "GET /sozluk.php HTTP/1.1" 200 2173 "http://odev.librarysystem32.xyz/index.php" "Mozilla/5.0 (Windows NT 10.0; Win64; x64) AppleWebKit/537.36 (KHTML, like Gecko) Chrome/79.0.3945.88 Safari/537.36"
31.223.54.36 - - [05/Jan/2020:06:14:37 -0700] "GET /bagis.php HTTP/1.1" 200 2196 "http://odev.librarysystem32.xyz/sozluk.php" "Mozilla/5.0 (Windows NT 10.0; Win64; x64) AppleWebKit/537.36 (KHTML, like Gecko) Chrome/79.0.3945.88 Safari/537.36"
31.223.54.36 - - [05/Jan/2020:06:15:38 -0700] "GET /index.php HTTP/1.1" 200 3190 "http://odev.librarysystem32.xyz/bagis.php" "Mozilla/5.0 (Windows NT 10.0; Win64; x64) AppleWebKit/537.36 (KHTML, like Gecko) Chrome/79.0.3945.88 Safari/537.36"
31.223.54.36 - - [05/Jan/2020:06:16:06 -0700] "GET /bagis.php HTTP/1.1" 200 2196 "http://odev.librarysystem32.xyz/index.php" "Mozilla/5.0 (Windows NT 10.0; Win64; x64) AppleWebKit/537.36 (KHTML, like Gecko) Chrome/79.0.3945.88 Safari/537.36"
88.237.133.217 - - [05/Jan/2020:06:16:33 -0700] "GET /iletisim.php HTTP/1.1" 200 2678 "http://odev.librarysystem32.xyz/yenigelen.php" "Mozilla/5.0 (Windows NT 10.0; Win64; x64; rv:71.0) Gecko/20100101 Firefox/71.0"
88.237.133.217 - - [05/Jan/2020:06:16:34 -0700] "GET /images/logo.png HTTP/1.1" 200 64121 "http://odev.librarysystem32.xyz/iletisim.php" "Mozilla/5.0 (Windows NT 10.0; Win64; x64; rv:71.0) Gecko/20100101 Firefox/71.0"
88.237.133.217 - - [05/Jan/2020:06:16:37 -0700] "GET /index.php HTTP/1.1" 200 3190 "http://odev.librarysystem32.xyz/iletisim.php" "Mozilla/5.0 (Windows NT 10.0; Win64; x64; rv:71.0) Gecko/20100101 Firefox/71.0"
88.237.133.217 - - [05/Jan/2020:06:16:37 -0700] "GET /favicon.ico HTTP/1.1" 404 - "-" "Mozilla/5.0 (Windows NT 10.0; Win64; x64; rv:71.0) Gecko/20100101 Firefox/71.0"
88.237.133.217 - - [05/Jan/2020:06:16:37 -0700] "GET /images/logo.png HTTP/1.1" 200 64121 "http://odev.librarysystem32.xyz/index.php" "Mozilla/5.0 (Windows NT 10.0; Win64; x64; rv:71.0) Gecko/20100101 Firefox/71.0"
88.237.133.217 - - [05/Jan/2020:06:16:38 -0700] "GET /yenigelen.php HTTP/1.1" 200 2447 "http://odev.librarysystem32.xyz/index.php" "Mozilla/5.0 (Windows NT 10.0; Win64; x64; rv:71.0) Gecko/20100101 Firefox/71.0"
88.237.133.217 - - [05/Jan/2020:06:16:39 -0700] "GET /images/yaratici.jpg HTTP/1.1" 304 - "http://odev.librarysystem32.xyz/yenigelen.php" "Mozilla/5.0 (Windows NT 10.0; Win64; x64; rv:71.0) Gecko/20100101 Firefox/71.0"
88.237.133.217 - - [05/Jan/2020:06:16:39 -0700] "GET /images/havari.jpg HTTP/1.1" 304 - "http://odev.librarysystem32.xyz/yenigelen.php" "Mozilla/5.0 (Windows NT 10.0; Win64; x64; rv:71.0) Gecko/20100101 Firefox/71.0"
88.237.133.217 - - [05/Jan/2020:06:16:39 -0700] "GET /images/korku.jpg HTTP/1.1" 304 - "http://odev.librarysystem32.xyz/yenigelen.php" "Mozilla/5.0 (Windows NT 10.0; Win64; x64; rv:71.0) Gecko/20100101 Firefox/71.0"
88.237.133.217 - - [05/Jan/2020:06:16:39 -0700] "GET /images/kurkmantolu.jpg HTTP/1.1" 304 - "http://odev.librarysystem32.xyz/yenigelen.php" "Mozilla/5.0 (Windows NT 10.0; Win64; x64; rv:71.0) Gecko/20100101 Firefox/71.0"
88.237.133.217 - - [05/Jan/2020:06:16:39 -0700] "GET /images/sadece.jpg HTTP/1.1" 304 - "http://odev.librarysystem32.xyz/yenigelen.php" "Mozilla/5.0 (Windows NT 10.0; Win64; x64; rv:71.0) Gecko/20100101 Firefox/71.0"
31.223.54.36 - - [05/Jan/2020:06:16:43 -0700] "POST /bagisekle.php HTTP/1.1" 302 - "http://odev.librarysystem32.xyz/bagis.php" "Mozilla/5.0 (Windows NT 10.0; Win64; x64) AppleWebKit/537.36 (KHTML, like Gecko) Chrome/79.0.3945.88 Safari/537.36"
31.223.54.36 - - [05/Jan/2020:06:16:43 -0700] "GET /bagis.php HTTP/1.1" 200 2196 "http://odev.librarysystem32.xyz/bagis.php" "Mozilla/5.0 (Windows NT 10.0; Win64; x64) AppleWebKit/537.36 (KHTML, like Gecko) Chrome/79.0.3945.88 Safari/537.36"
88.237.133.217 - - [05/Jan/2020:06:16:51 -0700] "POST /kitap.php HTTP/1.1" 200 2167 "http://odev.librarysystem32.xyz/yenigelen.php" "Mozilla/5.0 (Windows NT 10.0; Win64; x64; rv:71.0) Gecko/20100101 Firefox/71.0"
88.237.133.217 - - [05/Jan/2020:06:16:55 -0700] "GET /index.php HTTP/1.1" 200 3190 "http://odev.librarysystem32.xyz/kitap.php" "Mozilla/5.0 (Windows NT 10.0; Win64; x64; rv:71.0) Gecko/20100101 Firefox/71.0"
88.237.133.217 - - [05/Jan/2020:06:16:58 -0700] "POST /kitap.php HTTP/1.1" 200 2167 "http://odev.librarysystem32.xyz/index.php" "Mozilla/5.0 (Windows NT 10.0; Win64; x64; rv:71.0) Gecko/20100101 Firefox/71.0"
88.237.133.217 - - [05/Jan/2020:06:17:00 -0700] "GET /index.php HTTP/1.1" 200 3190 "http://odev.librarysystem32.xyz/kitap.php" "Mozilla/5.0 (Windows NT 10.0; Win64; x64; rv:71.0) Gecko/20100101 Firefox/71.0"
31.223.54.36 - - [05/Jan/2020:06:18:14 -0700] "GET / HTTP/1.1" 200 3190 "-" "Mozilla/5.0 (Windows NT 10.0; Win64; x64) AppleWebKit/537.36 (KHTML, like Gecko) Chrome/79.0.3945.88 Safari/537.36"
31.223.54.36 - - [05/Jan/2020:06:18:16 -0700] "GET /favicon.ico HTTP/1.1" 404 - "http://odev.librarysystem32.xyz/" "Mozilla/5.0 (Windows NT 10.0; Win64; x64) AppleWebKit/537.36 (KHTML, like Gecko) Chrome/79.0.3945.88 Safari/537.36"
31.223.54.36 - - [05/Jan/2020:06:18:19 -0700] "GET /kitapekle.php HTTP/1.1" 200 2445 "http://odev.librarysystem32.xyz/" "Mozilla/5.0 (Windows NT 10.0; Win64; x64) AppleWebKit/537.36 (KHTML, like Gecko) Chrome/79.0.3945.88 Safari/537.36"
31.223.54.36 - - [05/Jan/2020:06:18:21 -0700] "GET /index.php HTTP/1.1" 200 3190 "http://odev.librarysystem32.xyz/kitapekle.php" "Mozilla/5.0 (Windows NT 10.0; Win64; x64) AppleWebKit/537.36 (KHTML, like Gecko) Chrome/79.0.3945.88 Safari/537.36"
31.223.54.36 - - [05/Jan/2020:06:18:24 -0700] "GET /bagis.php HTTP/1.1" 200 2196 "http://odev.librarysystem32.xyz/index.php" "Mozilla/5.0 (Windows NT 10.0; Win64; x64) AppleWebKit/537.36 (KHTML, like Gecko) Chrome/79.0.3945.88 Safari/537.36"
88.237.133.217 - - [05/Jan/2020:06:19:20 -0700] "POST /kitap.php HTTP/1.1" 200 2167 "http://odev.librarysystem32.xyz/kullaniciekle.php" "Mozilla/5.0 (Windows NT 10.0; Win64; x64; rv:71.0) Gecko/20100101 Firefox/71.0"
88.237.133.217 - - [05/Jan/2020:06:19:24 -0700] "GET /index.php HTTP/1.1" 200 3190 "http://odev.librarysystem32.xyz/kitap.php" "Mozilla/5.0 (Windows NT 10.0; Win64; x64; rv:71.0) Gecko/20100101 Firefox/71.0"
88.237.133.217 - - [05/Jan/2020:06:19:27 -0700] "GET /kitap.php HTTP/1.1" 200 2167 "http://odev.librarysystem32.xyz/index.php" "Mozilla/5.0 (Windows NT 10.0; Win64; x64; rv:71.0) Gecko/20100101 Firefox/71.0"
88.237.133.217 - - [05/Jan/2020:06:19:30 -0700] "GET /ekitap.php HTTP/1.1" 200 2300 "http://odev.librarysystem32.xyz/kitap.php" "Mozilla/5.0 (Windows NT 10.0; Win64; x64; rv:71.0) Gecko/20100101 Firefox/71.0"
88.237.133.217 - - [05/Jan/2020:06:19:30 -0700] "GET /images/1984.jpg HTTP/1.1" 304 - "http://odev.librarysystem32.xyz/ekitap.php" "Mozilla/5.0 (Windows NT 10.0; Win64; x64; rv:71.0) Gecko/20100101 Firefox/71.0"
31.223.54.36 - - [05/Jan/2020:06:19:31 -0700] "GET /index.php HTTP/1.1" 200 3190 "http://odev.librarysystem32.xyz/bagis.php" "Mozilla/5.0 (Windows NT 10.0; Win64; x64) AppleWebKit/537.36 (KHTML, like Gecko) Chrome/79.0.3945.88 Safari/537.36"
31.223.54.36 - - [05/Jan/2020:06:19:31 -0700] "GET /css/main.css HTTP/1.1" 200 1606 "http://odev.librarysystem32.xyz/index.php" "Mozilla/5.0 (Windows NT 10.0; Win64; x64) AppleWebKit/537.36 (KHTML, like Gecko) Chrome/79.0.3945.88 Safari/537.36"
31.223.54.36 - - [05/Jan/2020:06:19:31 -0700] "GET /images/logo.png HTTP/1.1" 200 64121 "http://odev.librarysystem32.xyz/index.php" "Mozilla/5.0 (Windows NT 10.0; Win64; x64) AppleWebKit/537.36 (KHTML, like Gecko) Chrome/79.0.3945.88 Safari/537.36"
31.223.54.36 - - [05/Jan/2020:06:19:32 -0700] "GET /js/main.js HTTP/1.1" 200 599 "http://odev.librarysystem32.xyz/index.php" "Mozilla/5.0 (Windows NT 10.0; Win64; x64) AppleWebKit/537.36 (KHTML, like Gecko) Chrome/79.0.3945.88 Safari/537.36"
31.223.54.36 - - [05/Jan/2020:06:19:32 -0700] "GET /images/kutuphane2_16_9_1522063639.jpg HTTP/1.1" 200 91544 "http://odev.librarysystem32.xyz/index.php" "Mozilla/5.0 (Windows NT 10.0; Win64; x64) AppleWebKit/537.36 (KHTML, like Gecko) Chrome/79.0.3945.88 Safari/537.36"
31.223.54.36 - - [05/Jan/2020:06:19:31 -0700] "GET /images/kutuphane-1.jpg HTTP/1.1" 200 242673 "http://odev.librarysystem32.xyz/index.php" "Mozilla/5.0 (Windows NT 10.0; Win64; x64) AppleWebKit/537.36 (KHTML, like Gecko) Chrome/79.0.3945.88 Safari/537.36"
31.223.54.36 - - [05/Jan/2020:06:19:32 -0700] "GET /images/preview_bedales_library__1920___1080_-900-x-600-900x580.jpg HTTP/1.1" 200 147092 "http://odev.librarysystem32.xyz/index.php" "Mozilla/5.0 (Windows NT 10.0; Win64; x64) AppleWebKit/537.36 (KHTML, like Gecko) Chrome/79.0.3945.88 Safari/537.36"
31.223.54.36 - - [05/Jan/2020:06:19:35 -0700] "GET /bagis.php HTTP/1.1" 200 2196 "http://odev.librarysystem32.xyz/index.php" "Mozilla/5.0 (Windows NT 10.0; Win64; x64) AppleWebKit/537.36 (KHTML, like Gecko) Chrome/79.0.3945.88 Safari/537.36"
88.237.133.217 - - [05/Jan/2020:06:19:35 -0700] "POST /kitap.php HTTP/1.1" 200 2167 "http://odev.librarysystem32.xyz/ekitap.php" "Mozilla/5.0 (Windows NT 10.0; Win64; x64; rv:71.0) Gecko/20100101 Firefox/71.0"
88.237.133.217 - - [05/Jan/2020:06:19:51 -0700] "GET /index.php HTTP/1.1" 200 3190 "http://odev.librarysystem32.xyz/kitap.php" "Mozilla/5.0 (Windows NT 10.0; Win64; x64; rv:71.0) Gecko/20100101 Firefox/71.0"
31.223.54.36 - - [05/Jan/2020:06:19:55 -0700] "GET /bagis.php HTTP/1.1" 200 2196 "http://odev.librarysystem32.xyz/index.php" "Mozilla/5.0 (Windows NT 10.0; Win64; x64) AppleWebKit/537.36 (KHTML, like Gecko) Chrome/79.0.3945.88 Safari/537.36"
88.237.133.217 - - [05/Jan/2020:06:19:57 -0700] "GET /profil.php HTTP/1.1" 200 2271 "http://odev.librarysystem32.xyz/index.php" "Mozilla/5.0 (Windows NT 10.0; Win64; x64; rv:71.0) Gecko/20100101 Firefox/71.0"
88.237.133.217 - - [05/Jan/2020:06:19:57 -0700] "GET /css/bootstrap.min.css HTTP/1.1" 200 23238 "http://odev.librarysystem32.xyz/profil.php" "Mozilla/5.0 (Windows NT 10.0; Win64; x64; rv:71.0) Gecko/20100101 Firefox/71.0"
88.237.133.217 - - [05/Jan/2020:06:19:57 -0700] "GET /sozluk.php HTTP/1.1" 200 2173 "http://odev.librarysystem32.xyz/profil.php" "Mozilla/5.0 (Windows NT 10.0; Win64; x64; rv:71.0) Gecko/20100101 Firefox/71.0"
31.223.54.36 - - [05/Jan/2020:06:19:57 -0700] "GET /index.php HTTP/1.1" 200 3190 "http://odev.librarysystem32.xyz/bagis.php" "Mozilla/5.0 (Windows NT 10.0; Win64; x64) AppleWebKit/537.36 (KHTML, like Gecko) Chrome/79.0.3945.88 Safari/537.36"
78.161.91.64 - - [05/Jan/2020:06:21:32 -0700] "GET /index1.php HTTP/1.1" 200 2341 "http://odev.librarysystem32.xyz/index1.php" "Mozilla/5.0 (Windows NT 10.0; Win64; x64; rv:71.0) Gecko/20100101 Firefox/71.0"
78.161.91.64 - - [05/Jan/2020:06:21:32 -0700] "GET /css/main.css HTTP/1.1" 200 1606 "http://odev.librarysystem32.xyz/index1.php" "Mozilla/5.0 (Windows NT 10.0; Win64; x64; rv:71.0) Gecko/20100101 Firefox/71.0"
78.161.91.64 - - [05/Jan/2020:06:21:32 -0700] "GET /images/logo.png HTTP/1.1" 304 - "http://odev.librarysystem32.xyz/index1.php" "Mozilla/5.0 (Windows NT 10.0; Win64; x64; rv:71.0) Gecko/20100101 Firefox/71.0"
78.161.91.64 - - [05/Jan/2020:06:21:38 -0700] "GET /profil.php HTTP/1.1" 200 2271 "http://odev.librarysystem32.xyz/index1.php" "Mozilla/5.0 (Windows NT 10.0; Win64; x64; rv:71.0) Gecko/20100101 Firefox/71.0"
78.161.91.64 - - [05/Jan/2020:06:21:39 -0700] "GET /index1.php HTTP/1.1" 200 2341 "http://odev.librarysystem32.xyz/profil.php" "Mozilla/5.0 (Windows NT 10.0; Win64; x64; rv:71.0) Gecko/20100101 Firefox/71.0"
78.161.91.64 - - [05/Jan/2020:06:21:52 -0700] "POST /ajax/login.php HTTP/1.1" 200 21 "http://odev.librarysystem32.xyz/index1.php" "Mozilla/5.0 (Windows NT 10.0; Win64; x64; rv:71.0) Gecko/20100101 Firefox/71.0"
31.223.54.36 - - [05/Jan/2020:06:23:19 -0700] "GET /bagis.php HTTP/1.1" 200 2196 "http://odev.librarysystem32.xyz/index.php" "Mozilla/5.0 (Windows NT 10.0; Win64; x64) AppleWebKit/537.36 (KHTML, like Gecko) Chrome/79.0.3945.88 Safari/537.36"
31.223.54.36 - - [05/Jan/2020:06:23:47 -0700] "POST /bagisekle.php HTTP/1.1" 302 - "http://odev.librarysystem32.xyz/bagis.php" "Mozilla/5.0 (Windows NT 10.0; Win64; x64) AppleWebKit/537.36 (KHTML, like Gecko) Chrome/79.0.3945.88 Safari/537.36"
31.223.54.36 - - [05/Jan/2020:06:23:47 -0700] "GET /bagis.php HTTP/1.1" 200 2196 "http://odev.librarysystem32.xyz/bagis.php" "Mozilla/5.0 (Windows NT 10.0; Win64; x64) AppleWebKit/537.36 (KHTML, like Gecko) Chrome/79.0.3945.88 Safari/537.36"
78.161.91.64 - - [05/Jan/2020:06:24:09 -0700] "GET /index1.php HTTP/1.1" 200 2275 "http://odev.librarysystem32.xyz/profil.php" "Mozilla/5.0 (Windows NT 10.0; Win64; x64; rv:71.0) Gecko/20100101 Firefox/71.0"
78.161.91.64 - - [05/Jan/2020:06:24:09 -0700] "GET /css/main.css HTTP/1.1" 200 1606 "http://odev.librarysystem32.xyz/index1.php" "Mozilla/5.0 (Windows NT 10.0; Win64; x64; rv:71.0) Gecko/20100101 Firefox/71.0"
78.161.91.64 - - [05/Jan/2020:06:24:09 -0700] "GET /images/logo.png HTTP/1.1" 304 - "http://odev.librarysystem32.xyz/index1.php" "Mozilla/5.0 (Windows NT 10.0; Win64; x64; rv:71.0) Gecko/20100101 Firefox/71.0"
31.223.54.36 - - [05/Jan/2020:06:24:21 -0700] "GET /index.php HTTP/1.1" 200 3190 "http://odev.librarysystem32.xyz/bagis.php" "Mozilla/5.0 (Windows NT 10.0; Win64; x64) AppleWebKit/537.36 (KHTML, like Gecko) Chrome/79.0.3945.88 Safari/537.36"
78.161.91.64 - - [05/Jan/2020:06:24:52 -0700] "GET /index1.php HTTP/1.1" 200 2276 "http://odev.librarysystem32.xyz/profil.php" "Mozilla/5.0 (Windows NT 10.0; Win64; x64; rv:71.0) Gecko/20100101 Firefox/71.0"
78.161.91.64 - - [05/Jan/2020:06:24:53 -0700] "GET /css/main.css HTTP/1.1" 200 1606 "http://odev.librarysystem32.xyz/index1.php" "Mozilla/5.0 (Windows NT 10.0; Win64; x64; rv:71.0) Gecko/20100101 Firefox/71.0"
78.161.91.64 - - [05/Jan/2020:06:24:53 -0700] "GET /images/logo.png HTTP/1.1" 304 - "http://odev.librarysystem32.xyz/index1.php" "Mozilla/5.0 (Windows NT 10.0; Win64; x64; rv:71.0) Gecko/20100101 Firefox/71.0"
78.161.91.64 - - [05/Jan/2020:06:24:59 -0700] "GET / HTTP/1.1" 200 3190 "-" "Mozilla/5.0 (Windows NT 10.0; Win64; x64; rv:71.0) Gecko/20100101 Firefox/71.0"
31.223.54.36 - - [05/Jan/2020:06:25:00 -0700] "GET /bagis.php HTTP/1.1" 200 2196 "http://odev.librarysystem32.xyz/index.php" "Mozilla/5.0 (Windows NT 10.0; Win64; x64) AppleWebKit/537.36 (KHTML, like Gecko) Chrome/79.0.3945.88 Safari/537.36"
78.161.91.64 - - [05/Jan/2020:06:25:00 -0700] "GET /index1.php HTTP/1.1" 200 2276 "http://odev.librarysystem32.xyz/" "Mozilla/5.0 (Windows NT 10.0; Win64; x64; rv:71.0) Gecko/20100101 Firefox/71.0"
31.223.54.36 - - [05/Jan/2020:06:25:32 -0700] "POST /bagisekle.php HTTP/1.1" 302 - "http://odev.librarysystem32.xyz/bagis.php" "Mozilla/5.0 (Windows NT 10.0; Win64; x64) AppleWebKit/537.36 (KHTML, like Gecko) Chrome/79.0.3945.88 Safari/537.36"
31.223.54.36 - - [05/Jan/2020:06:25:32 -0700] "GET /bagis.php HTTP/1.1" 200 2196 "http://odev.librarysystem32.xyz/bagis.php" "Mozilla/5.0 (Windows NT 10.0; Win64; x64) AppleWebKit/537.36 (KHTML, like Gecko) Chrome/79.0.3945.88 Safari/537.36"
31.223.54.36 - - [05/Jan/2020:06:27:20 -0700] "GET /index.php HTTP/1.1" 200 3190 "http://odev.librarysystem32.xyz/bagis.php" "Mozilla/5.0 (Windows NT 10.0; Win64; x64) AppleWebKit/537.36 (KHTML, like Gecko) Chrome/79.0.3945.88 Safari/537.36"
31.223.54.36 - - [05/Jan/2020:06:27:23 -0700] "GET /kullaniciekle.php HTTP/1.1" 200 2407 "http://odev.librarysystem32.xyz/index.php" "Mozilla/5.0 (Windows NT 10.0; Win64; x64) AppleWebKit/537.36 (KHTML, like Gecko) Chrome/79.0.3945.88 Safari/537.36"
31.223.54.36 - - [05/Jan/2020:06:27:28 -0700] "POST /functions/kullanicisil.php HTTP/1.1" 302 - "http://odev.librarysystem32.xyz/kullaniciekle.php" "Mozilla/5.0 (Windows NT 10.0; Win64; x64) AppleWebKit/537.36 (KHTML, like Gecko) Chrome/79.0.3945.88 Safari/537.36"
31.223.54.36 - - [05/Jan/2020:06:27:33 -0700] "GET /kullaniciekle.php?silindi=true HTTP/1.1" 200 2426 "http://odev.librarysystem32.xyz/kullaniciekle.php" "Mozilla/5.0 (Windows NT 10.0; Win64; x64) AppleWebKit/537.36 (KHTML, like Gecko) Chrome/79.0.3945.88 Safari/537.36"
78.161.91.64 - - [05/Jan/2020:06:28:34 -0700] "GET /index1.php HTTP/1.1" 200 2268 "http://odev.librarysystem32.xyz/" "Mozilla/5.0 (Windows NT 10.0; Win64; x64; rv:71.0) Gecko/20100101 Firefox/71.0"
78.161.91.64 - - [05/Jan/2020:06:28:35 -0700] "GET /css/main.css HTTP/1.1" 200 1606 "http://odev.librarysystem32.xyz/index1.php" "Mozilla/5.0 (Windows NT 10.0; Win64; x64; rv:71.0) Gecko/20100101 Firefox/71.0"
78.161.91.64 - - [05/Jan/2020:06:28:35 -0700] "GET /images/logo.png HTTP/1.1" 304 - "http://odev.librarysystem32.xyz/index1.php" "Mozilla/5.0 (Windows NT 10.0; Win64; x64; rv:71.0) Gecko/20100101 Firefox/71.0"
31.223.54.36 - - [05/Jan/2020:06:32:37 -0700] "GET /index.php HTTP/1.1" 200 3190 "http://odev.librarysystem32.xyz/kullaniciekle.php?silindi=true" "Mozilla/5.0 (Windows NT 10.0; Win64; x64) AppleWebKit/537.36 (KHTML, like Gecko) Chrome/79.0.3945.88 Safari/537.36"
31.223.54.36 - - [05/Jan/2020:06:32:39 -0700] "GET /kullaniciekle.php HTTP/1.1" 200 2397 "http://odev.librarysystem32.xyz/index.php" "Mozilla/5.0 (Windows NT 10.0; Win64; x64) AppleWebKit/537.36 (KHTML, like Gecko) Chrome/79.0.3945.88 Safari/537.36"
31.223.54.36 - - [05/Jan/2020:06:32:59 -0700] "POST /functions/kullanicieklee.php HTTP/1.1" 302 - "http://odev.librarysystem32.xyz/kullaniciekle.php" "Mozilla/5.0 (Windows NT 10.0; Win64; x64) AppleWebKit/537.36 (KHTML, like Gecko) Chrome/79.0.3945.88 Safari/537.36"
31.223.54.36 - - [05/Jan/2020:06:33:00 -0700] "GET /kullaniciekle.php?success=true HTTP/1.1" 200 2439 "http://odev.librarysystem32.xyz/kullaniciekle.php" "Mozilla/5.0 (Windows NT 10.0; Win64; x64) AppleWebKit/537.36 (KHTML, like Gecko) Chrome/79.0.3945.88 Safari/537.36"
